
  bytes   pages size description
--------- ----- ---- --------------------------------------------
   524288    64 8192 allocating memory for b-tree...
   131072    16 8192 allocating memory for virtual array...
   262144    32 8192 allocating memory for name pointers...
-----------------------------------------------------------------
   917504            total memory allocated

Loading processor module C:\Devel\IDA 7.6\procs\pc64.dll for metapc...Initializing processor module metapc...OK
Autoanalysis subsystem has been initialized.
Loading file 'C:\Users\alex\Desktop\projects\RetroV\workspace\ROMs\vid.bin' into database...
Detected file format: Binary file
  0. Creating a new segment  (00000000000C0000-00000000000C8000) ... ... OK
Marking typical code sequences...
Flushing buffers, please wait...ok
File 'C:\Users\alex\Desktop\projects\RetroV\workspace\ROMs\vid.bin' has been successfully loaded into the database.
The loaded binary file can be disassembled in various modes.
Please select the desired mode: -> ~6~4-bit mode
Hex-Rays Decompiler plugin has been loaded (v7.6.0.210427)
  License: 55-F116-3A71-23 IDA PRO 7.6 SP1 (99 users)
  The hotkeys are F5: decompile, Ctrl-F5: decompile all.

  Please check the Edit/Plugins menu for more informaton.
IDA is analysing the input file...
You may start to explore the input file right now.
[autohidden] You have just loaded a binary file.


 IDA cannot identify the entry point automatically as
 there is no standard of binaries.


 Please move to what you think is an entry point
 and press 'C' to start the autoanalysis. -> OK
---------------------------------------------------------------------------------------------
Python 3.10.10 (tags/v3.10.10:aad5f6a, Feb  7 2023, 17:20:36) [MSC v.1929 64 bit (AMD64)] 
IDAPython 64-bit v7.4.0 final (serial 0) (c) The IDAPython Team <idapython@googlegroups.com>
---------------------------------------------------------------------------------------------
The initial autoanalysis has been finished.
Flushing buffers, please wait...ok
Unloading IDP module C:\Devel\IDA 7.6\procs\pc64.dll...
Can't find input file 'C:\Users\alex\Desktop\projects\workspace\ROMs\vid.bin' -> OK
Can't find input file 'C:\Users\alex\Desktop\projects\workspace\ROMs\vid.bin' -> OK
Can't find input file 'C:\Users\alex\Desktop\projects\RetroV\p..\workspace\ROMs\vid.bin' -> OK

  bytes   pages size description
--------- ----- ---- --------------------------------------------
   524288    64 8192 allocating memory for b-tree...
   131072    16 8192 allocating memory for virtual array...
   262144    32 8192 allocating memory for name pointers...
-----------------------------------------------------------------
   917504            total memory allocated

Loading processor module C:\Devel\IDA 7.6\procs\pc64.dll for metapc...Initializing processor module metapc...OK
Autoanalysis subsystem has been initialized.
Loading file 'C:\Users\alex\Desktop\projects\RetroV\workspace\ROMs\vid.bin' into database...
Detected file format: Binary file
  0. Creating a new segment  (00000000000C0000-00000000000C8000) ... ... OK
Marking typical code sequences...
Flushing buffers, please wait...ok
File 'C:\Users\alex\Desktop\projects\RetroV\workspace\ROMs\vid.bin' has been successfully loaded into the database.
The loaded binary file can be disassembled in various modes.
Please select the desired mode: -> ~6~4-bit mode
Hex-Rays Decompiler plugin has been loaded (v7.6.0.210427)
  License: 55-F116-3A71-23 IDA PRO 7.6 SP1 (99 users)
  The hotkeys are F5: decompile, Ctrl-F5: decompile all.

  Please check the Edit/Plugins menu for more informaton.
IDA is analysing the input file...
You may start to explore the input file right now.
[autohidden] You have just loaded a binary file.


 IDA cannot identify the entry point automatically as
 there is no standard of binaries.


 Please move to what you think is an entry point
 and press 'C' to start the autoanalysis. -> OK
---------------------------------------------------------------------------------------------
Python 3.10.10 (tags/v3.10.10:aad5f6a, Feb  7 2023, 17:20:36) [MSC v.1929 64 bit (AMD64)] 
IDAPython 64-bit v7.4.0 final (serial 0) (c) The IDAPython Team <idapython@googlegroups.com>
---------------------------------------------------------------------------------------------
The initial autoanalysis has been finished.
